<html>
<body>
<pre>
<h1>µVision Build Log</h1>
<h2>Tool Versions:</h2>
IDE-Version: ¦ÌVision V5.34.0.0
Copyright (C) 2021 ARM Ltd and ARM Germany GmbH. All rights reserved.
License Information: _ Dong, _, LIC=IK1BF-6JYK6-VECHA-15JKC-K0DQE-00NHK
 
Tool Versions:
Toolchain:       MDK-ARM Plus  Version: 5.34.0.0
Toolchain Path:  D:\keil\ARM\ARMCLANG\Bin
C Compiler:      ArmClang.exe V6.16
Assembler:       Armasm.exe V6.16
Linker/Locator:  ArmLink.exe V6.16
Library Manager: ArmAr.exe V6.16
Hex Converter:   FromElf.exe V6.16
CPU DLL:         
Dialog DLL:      
Target DLL:      CMSIS_AGDI_V8M.DLL V1.6.19.0
Dialog DLL:      TCM.DLL V1.48.0.0
 
<h2>Project:</h2>
D:\OneDrive\Idea\20201_8_26_X-Bus\Software\X-Bus\User\Project.uvprojx
Project File Date:  09/08/2021

<h2>Output:</h2>
*** Using Compiler 'V6.16', folder: 'D:\keil\ARM\ARMCLANG\Bin'
Build target 'GD32E230C_EVAL'
compiling main.c...
compiling nrf24l01.c...
linking...
Program Size: Code=9182 RO-data=242 RW-data=4 ZI-data=1124  
"..\OBJ\GD32E230C_EVAL.axf" - 0 Error(s), 0 Warning(s).

<h2>Software Packages used:</h2>

Package Vendor: ARM
                http://www.keil.com/pack/ARM.CMSIS.5.7.0.pack
                ARM.CMSIS.5.7.0
                CMSIS (Cortex Microcontroller Software Interface Standard)
   * Component: CORE Version: 5.4.0

Package Vendor: GigaDevice
                http://gd32mcu.21ic.com/data/documents/yingyongruanjian/GigaDevice.GD32E23x_DFP.1.0.0.pack
                GigaDevice.GD32E23x_DFP.1.0.0
                GigaDevice GD32E23x Series Device Support and Examples

<h2>Collection of Component include folders:</h2>
  .\RTE\_GD32E230C_EVAL
  D:\keil_packs\ARM\CMSIS\5.7.0\CMSIS\Core\Include
  D:\keil_packs\GigaDevice\GD32E23x_DFP\1.0.0\Device\Include

<h2>Collection of Component Files used:</h2>

   * Component: ARM::CMSIS:CORE:5.4.0
Build Time Elapsed:  00:00:02
</pre>
</body>
</html>
